error	issues-base.unf	22	unresolved ref 'no-such-glyph'
error	issues-base.unf	36	map 'C' targets undefined glyph 'never-defined'
error	issues-base.unf	37	map 'U+FFFFFFFF' is not a valid Unicode scalar value
error	issues-base.unf	43	feature references undefined remap group 'no-such-remap-group'
error	issues-base.unf	47	unrecognized directive 'totally-unknown-directive foo bar'
error	issues-patterns.unf	10	glyph name `uni$#2802..2800` may only contain letters, digits, `-`, `.`, `_` and `:`
error	issues-patterns.unf	10	invalid inline range '$#2802..2800' (end < start or too large)
error	issues-patterns.unf	39	map 'Z' (U+005A) has no canonical decomposition; use `map Z = GLYPH` instead
warning	composites.unf	28	remap references undefined glyph 'no-such-badge-a'
warning	composites.unf	28	remap references undefined glyph 'no-such-badge-b'
warning	issues-base.unf	11	undefined name-parts reference '$nonexistent'
warning	issues-base.unf	25	glyph 'empty-body' has no content
warning	issues-base.unf	25	glyph 'empty-body' is unused
warning	issues-base.unf	27	glyph 'dup' is unused
warning	issues-base.unf	30	duplicate glyph 'dup' (first defined at issues-base.unf:27)
warning	issues-base.unf	30	glyph 'dup' is unused
warning	issues-base.unf	35	duplicate codepoint mapping U+0041 (first at issues-base.unf:33)
warning	issues-base.unf	40	remap references undefined glyph 'also-never-defined'
warning	issues-patterns.unf	10	glyph 'uni($#2802..2800)' is unused
warning	issues-patterns.unf	18	alternative 'stem:a' has same anchor dimensions as 'stem' for '-join' (base 'stem')
warning	issues-patterns.unf	23	alternative 'stem:b' has same anchor dimensions as 'stem' for '-join' (base 'stem')
warning	issues-patterns.unf	7	glyph 'pat-($digit)' is unused
warning	latin.unf	27	glyph 'uni0041' is unused
warning	latin.unf	45	glyph 'b-upper' is unused
warning	latin.unf	63	glyph 'uni0042' is unused
warning	latin.unf	7	glyph 'sp' is unused
warning	latin.unf	9	glyph 'a-upper' is unused
warning	subpixels.unf	3	glyph 'subpixel-test' is unused
